--------------------------------------------------------------------------------------
Timing Analyzer Summary
--------------------------------------------------------------------------------------

Type           : Worst-case tsu
Slack          : N/A
Required Time  : None
Actual Time    : 6.619 ns
From           : LCD_DATA[3]
To             : taj_c:inst|cpu_0:the_cpu_0|d_readdata_d1[3]
From Clock     : --
To Clock       : CLOCK_50
Failed Paths   : 0

Type           : Worst-case tco
Slack          : N/A
Required Time  : None
Actual Time    : 14.859 ns
From           : taj_c:inst|cpu_0:the_cpu_0|d_read~reg0
To             : LCD_EN
From Clock     : CLOCK_50
To Clock       : --
Failed Paths   : 0

Type           : Worst-case tpd
Slack          : N/A
Required Time  : None
Actual Time    : 2.612 ns
From           : altera_internal_jtag~TDO
To             : altera_reserved_tdo
From Clock     : --
To Clock       : --
Failed Paths   : 0

Type           : Worst-case th
Slack          : N/A
Required Time  : None
Actual Time    : 2.438 ns
From           : altera_internal_jtag~TDIUTAP
To             : taj_c:inst|cpu_0:the_cpu_0|cpu_0_nios2_oci:the_cpu_0_nios2_oci|cpu_0_jtag_debug_module_wrapper:the_cpu_0_jtag_debug_module_wrapper|cpu_0_jtag_debug_module_tck:the_cpu_0_jtag_debug_module_tck|sr[35]
From Clock     : --
To Clock       : altera_internal_jtag~TCKUTAP
Failed Paths   : 0

Type           : Clock Setup: 'CLOCK_50'
Slack          : 6.364 ns
Required Time  : 50.00 MHz ( period = 20.000 ns )
Actual Time    : 73.34 MHz ( period = 13.636 ns )
From           : taj_c:inst|cpu_0:the_cpu_0|M_ctrl_shift_rot
To             : taj_c:inst|cpu_0:the_cpu_0|M_pipe_flush
From Clock     : CLOCK_50
To Clock       : CLOCK_50
Failed Paths   : 0

Type           : Clock Setup: 'altera_internal_jtag~TCKUTAP'
Slack          : N/A
Required Time  : None
Actual Time    : 125.28 MHz ( period = 7.982 ns )
From           : sld_hub:auto_hub|irsr_reg[2]
To             : sld_hub:auto_hub|tdo
From Clock     : altera_internal_jtag~TCKUTAP
To Clock       : altera_internal_jtag~TCKUTAP
Failed Paths   : 0

Type           : Clock Setup: 'altera_internal_jtag~CLKDRUSER'
Slack          : N/A
Required Time  : None
Actual Time    : 399.20 MHz ( period = 2.505 ns )
From           : pzdyqx:nabboc|pzdyqx_impl:pzdyqx_impl_inst|VELJ8121:JDCF0099|AJQN5180[0]
To             : pzdyqx:nabboc|pzdyqx_impl:pzdyqx_impl_inst|VELJ8121:JDCF0099|AJQN5180[4]
From Clock     : altera_internal_jtag~CLKDRUSER
To Clock       : altera_internal_jtag~CLKDRUSER
Failed Paths   : 0

Type           : Clock Setup: 'altera_internal_jtag~UPDATEUSER'
Slack          : N/A
Required Time  : None
Actual Time    : Restricted to 500.00 MHz ( period = 2.000 ns )
From           : pzdyqx:nabboc|pzdyqx_impl:pzdyqx_impl_inst|XWDE0671[2]
To             : pzdyqx:nabboc|pzdyqx_impl:pzdyqx_impl_inst|XWDE0671[1]
From Clock     : altera_internal_jtag~UPDATEUSER
To Clock       : altera_internal_jtag~UPDATEUSER
Failed Paths   : 0

Type           : Clock Hold: 'CLOCK_50'
Slack          : 0.391 ns
Required Time  : 50.00 MHz ( period = 20.000 ns )
Actual Time    : N/A
From           : taj_c:inst|sdram_0:the_sdram_0|i_cmd[3]
To             : taj_c:inst|sdram_0:the_sdram_0|i_cmd[3]
From Clock     : CLOCK_50
To Clock       : CLOCK_50
Failed Paths   : 0

Type           : Total number of failed paths
Slack          : 
Required Time  : 
Actual Time    : 
From           : 
To             : 
From Clock     : 
To Clock       : 
Failed Paths   : 0

--------------------------------------------------------------------------------------

